../Core/Src/main.c:86:5:__io_putchar	24	static
../Core/Src/main.c:94:13:log_msg	24	static
../Core/Src/main.c:110:5:main	8	static
../Core/Src/main.c:167:6:SystemClock_Config	88	static
../Core/Src/main.c:215:13:MX_CAN_Init	8	static
../Core/Src/main.c:252:13:MX_I2C2_Init	8	static
../Core/Src/main.c:286:13:MX_SPI2_Init	8	static
../Core/Src/main.c:331:13:MX_TIM2_Init	48	static
../Core/Src/main.c:380:13:MX_TIM3_Init	48	static
../Core/Src/main.c:429:13:MX_USART1_UART_Init	8	static
../Core/Src/main.c:462:13:MX_GPIO_Init	40	static
../Core/Src/main.c:529:17:ads131m03_frame_exchange	64	static
../Core/Src/main.c:548:17:ads131m03_rreg_opcode	16	static
../Core/Src/main.c:553:17:ads131m03_read_reg16	24	static
../Core/Src/main.c:562:13:ads131m03_apply_spi_probe	16	static
../Core/Src/main.c:572:12:ads131m03_id_looks_valid	16	static
../Core/Src/main.c:619:13:ads131m03_run_connection_test	96	static
../Core/Src/main.c:722:13:ads131m03_reset	8	static
../Core/Src/main.c:736:6:Error_Handler	4	static,ignoring_inline_asm
