../Core/Src/main.c:81:5:main	8	static
../Core/Src/main.c:133:6:SystemClock_Config	88	static
../Core/Src/main.c:181:13:MX_CAN_Init	8	static
../Core/Src/main.c:218:13:MX_I2C2_Init	8	static
../Core/Src/main.c:252:13:MX_SPI2_Init	8	static
../Core/Src/main.c:290:13:MX_TIM2_Init	48	static
../Core/Src/main.c:339:13:MX_TIM3_Init	48	static
../Core/Src/main.c:388:13:MX_USART1_UART_Init	8	static
../Core/Src/main.c:421:13:MX_GPIO_Init	40	static
../Core/Src/main.c:491:6:Error_Handler	4	static,ignoring_inline_asm
